// Jest Snapshot v1, https://goo.gl/fbAQLP

exports[`Button integration renders 1`] = `
ShallowWrapper {
  Symbol(enzyme.__root__): [Circular],
  Symbol(enzyme.__unrendered__): <Button
    bordered={false}
    className={null}
    color={null}
    gradient={false}
    onClick={null}
    style={null}
  />,
  Symbol(enzyme.__renderer__): Object {
    "batchedUpdates": [Function],
    "checkPropTypes": [Function],
    "getNode": [Function],
    "render": [Function],
    "simulateError": [Function],
    "simulateEvent": [Function],
    "unmount": [Function],
  },
  Symbol(enzyme.__node__): Object {
    "instance": null,
    "key": undefined,
    "nodeType": "host",
    "props": Object {
      "children": <Typography
        className={null}
        inline={false}
        style={null}
        variant="button"
      />,
      "className": "button",
      "style": Object {
        "background": "silver",
        "color": "black",
      },
    },
    "ref": null,
    "rendered": Object {
      "instance": null,
      "key": undefined,
      "nodeType": "class",
      "props": Object {
        "children": null,
        "className": null,
        "inline": false,
        "style": null,
        "variant": "button",
      },
      "ref": null,
      "rendered": null,
      "type": [Function],
    },
    "type": "button",
  },
  Symbol(enzyme.__nodes__): Array [
    Object {
      "instance": null,
      "key": undefined,
      "nodeType": "host",
      "props": Object {
        "children": <Typography
          className={null}
          inline={false}
          style={null}
          variant="button"
        />,
        "className": "button",
        "style": Object {
          "background": "silver",
          "color": "black",
        },
      },
      "ref": null,
      "rendered": Object {
        "instance": null,
        "key": undefined,
        "nodeType": "class",
        "props": Object {
          "children": null,
          "className": null,
          "inline": false,
          "style": null,
          "variant": "button",
        },
        "ref": null,
        "rendered": null,
        "type": [Function],
      },
      "type": "button",
    },
  ],
  Symbol(enzyme.__options__): Object {
    "adapter": ReactSixteenAdapter {
      "options": Object {
        "enableComponentDidUpdateOnSetState": true,
        "legacyContextMode": "parent",
        "lifecycles": Object {
          "componentDidUpdate": Object {
            "onSetState": true,
          },
          "getChildContext": Object {
            "calledByRenderer": false,
          },
          "getDerivedStateFromProps": true,
          "getSnapshotBeforeUpdate": true,
          "setState": Object {
            "skipsComponentDidUpdateOnNullish": true,
          },
        },
      },
    },
  },
}
`;
